interactions:
- request:
    body: null
    headers:
      Accept: [application/json;version=2]
    method: GET
    uri: https://foreman.example.com/api/status
  response:
    body: {string: !!python/unicode '{"result":"ok","status":200,"version":"1.22.0","api_version":2}'}
    headers:
      apipie-checksum: [682fdd16afbeb660a8bfcecc651151a5671d1407]
      cache-control: ['max-age=0, private, must-revalidate']
      content-length: ['63']
      content-security-policy: ['default-src ''self''; child-src ''self''; connect-src
          ''self'' ws: wss:; img-src ''self'' data: *.gravatar.com; script-src ''unsafe-eval''
          ''unsafe-inline'' ''self''; style-src ''unsafe-inline'' ''self''']
      content-type: [application/json; charset=utf-8]
      date: ['Tue, 13 Aug 2019 16:32:00 GMT']
      etag: [W/"674e9dbc2140c688b559566b581c5c09"]
      foreman_api_version: ['2']
      foreman_version: [1.22.0]
      server: [Apache]
      set-cookie: [_session_id=68efa91daf9418e2ebe41bae8c0e8169; path=/; secure; HttpOnly;
          SameSite=Lax]
      status: [200 OK]
      strict-transport-security: [max-age=631139040; includeSubdomains]
      x-content-type-options: [nosniff]
      x-download-options: [noopen]
      x-frame-options: [sameorigin]
      x-permitted-cross-domain-policies: [none]
      x-powered-by: [Phusion Passenger 4.0.53]
      x-request-id: [b551fee9-2717-4032-85c2-8e97fbbb0c2b]
      x-runtime: ['0.034316']
      x-xss-protection: [1; mode=block]
    status: {code: 200, message: OK}
- request:
    body: null
    headers:
      Accept: [application/json;version=2]
      Cookie: [_session_id=68efa91daf9418e2ebe41bae8c0e8169]
    method: GET
    uri: https://foreman.example.com/api/hostgroups?per_page=4294967296&search=title%3D%22New+host+group%22&thin=True
  response:
    body: {string: !!python/unicode "{\n  \"total\": 3,\n  \"subtotal\": 1,\n  \"page\":
        1,\n  \"per_page\": 4294967296,\n  \"search\": \"title=\\\"New host group\\\"\",\n
        \ \"sort\": {\n    \"by\": null,\n    \"order\": null\n  },\n  \"results\":
        [{\"subnet_id\":1,\"subnet_name\":\"Test subnet4\",\"operatingsystem_id\":null,\"operatingsystem_name\":null,\"domain_id\":2,\"domain_name\":\"foo.example.com\",\"environment_id\":1,\"environment_name\":\"production\",\"compute_profile_id\":4,\"compute_profile_name\":\"myprofile\",\"ancestry\":null,\"parent_id\":null,\"parent_name\":null,\"ptable_id\":115,\"ptable_name\":\"Part
        table\",\"medium_id\":10,\"medium_name\":\"TestOS Mirror\",\"pxe_loader\":\"Grub2
        UEFI\",\"subnet6_id\":null,\"subnet6_name\":null,\"architecture_id\":1,\"architecture_name\":\"x86_64\",\"realm_id\":null,\"realm_name\":null,\"created_at\":\"2019-08-13
        16:31:54 UTC\",\"updated_at\":\"2019-08-13 16:31:54 UTC\",\"id\":1,\"name\":\"New
        host group\",\"title\":\"New host group\",\"description\":\"New host group\",\"puppet_proxy_id\":1,\"puppet_proxy_name\":\"foreman.example.com\",\"puppet_ca_proxy_id\":1,\"puppet_ca_proxy_name\":\"foreman.example.com\",\"openscap_proxy_id\":null,\"openscap_proxy_name\":null,\"puppet_proxy\":{\"name\":\"foreman.example.com\",\"id\":1,\"url\":\"https://foreman.example.com:9090\"},\"puppet_ca_proxy\":{\"name\":\"foreman.example.com\",\"id\":1,\"url\":\"https://foreman.example.com:9090\"},\"openscap_proxy\":null}]\n}\n"}
    headers:
      apipie-checksum: [682fdd16afbeb660a8bfcecc651151a5671d1407]
      cache-control: ['max-age=0, private, must-revalidate']
      content-security-policy: ['default-src ''self''; child-src ''self''; connect-src
          ''self'' ws: wss:; img-src ''self'' data: *.gravatar.com; script-src ''unsafe-eval''
          ''unsafe-inline'' ''self''; style-src ''unsafe-inline'' ''self''']
      content-type: [application/json; charset=utf-8]
      date: ['Tue, 13 Aug 2019 16:32:00 GMT']
      etag: [W/"d714e07638676883674915cc9409e922"]
      foreman_api_version: ['2']
      foreman_version: [1.22.0]
      server: [Apache]
      status: [200 OK]
      strict-transport-security: [max-age=631139040; includeSubdomains]
      transfer-encoding: [chunked]
      vary: [Accept-Encoding]
      x-content-type-options: [nosniff]
      x-download-options: [noopen]
      x-frame-options: [sameorigin]
      x-permitted-cross-domain-policies: [none]
      x-powered-by: [Phusion Passenger 4.0.53]
      x-request-id: [4b274523-1ff1-4291-9897-000126352721]
      x-runtime: ['0.028800']
      x-xss-protection: [1; mode=block]
    status: {code: 200, message: OK}
- request:
    body: null
    headers:
      Accept: [application/json;version=2]
      Cookie: [_session_id=68efa91daf9418e2ebe41bae8c0e8169]
    method: GET
    uri: https://foreman.example.com/api/hostgroups?per_page=4294967296&search=title%3D%22New+host+group%2FNested+New+host+group+2%22&thin=True
  response:
    body: {string: !!python/unicode "{\n  \"total\": 3,\n  \"subtotal\": 1,\n  \"page\":
        1,\n  \"per_page\": 4294967296,\n  \"search\": \"title=\\\"New host group/Nested
        New host group 2\\\"\",\n  \"sort\": {\n    \"by\": null,\n    \"order\":
        null\n  },\n  \"results\": [{\"subnet_id\":null,\"subnet_name\":\"Test subnet4\",\"operatingsystem_id\":null,\"operatingsystem_name\":null,\"domain_id\":null,\"domain_name\":\"foo.example.com\",\"environment_id\":null,\"environment_name\":\"production\",\"compute_profile_id\":null,\"compute_profile_name\":\"myprofile\",\"ancestry\":\"1\",\"parent_id\":1,\"parent_name\":\"New
        host group\",\"ptable_id\":115,\"ptable_name\":\"Part table\",\"medium_id\":10,\"medium_name\":\"TestOS
        Mirror\",\"pxe_loader\":\"PXELinux BIOS\",\"subnet6_id\":null,\"subnet6_name\":null,\"architecture_id\":1,\"architecture_name\":\"x86_64\",\"realm_id\":null,\"realm_name\":null,\"created_at\":\"2019-08-13
        16:31:57 UTC\",\"updated_at\":\"2019-08-13 16:31:57 UTC\",\"id\":3,\"name\":\"Nested
        New host group 2\",\"title\":\"New host group/Nested New host group 2\",\"description\":null,\"puppet_proxy_id\":null,\"puppet_proxy_name\":\"foreman.example.com\",\"puppet_ca_proxy_id\":null,\"puppet_ca_proxy_name\":\"foreman.example.com\",\"openscap_proxy_id\":null,\"openscap_proxy_name\":null,\"puppet_proxy\":{\"name\":\"foreman.example.com\",\"id\":1,\"url\":\"https://foreman.example.com:9090\"},\"puppet_ca_proxy\":{\"name\":\"foreman.example.com\",\"id\":1,\"url\":\"https://foreman.example.com:9090\"},\"openscap_proxy\":null}]\n}\n"}
    headers:
      apipie-checksum: [682fdd16afbeb660a8bfcecc651151a5671d1407]
      cache-control: ['max-age=0, private, must-revalidate']
      content-security-policy: ['default-src ''self''; child-src ''self''; connect-src
          ''self'' ws: wss:; img-src ''self'' data: *.gravatar.com; script-src ''unsafe-eval''
          ''unsafe-inline'' ''self''; style-src ''unsafe-inline'' ''self''']
      content-type: [application/json; charset=utf-8]
      date: ['Tue, 13 Aug 2019 16:32:00 GMT']
      etag: [W/"24c5aa01c709e893fc92a77c37bcbaf6"]
      foreman_api_version: ['2']
      foreman_version: [1.22.0]
      server: [Apache]
      status: [200 OK]
      strict-transport-security: [max-age=631139040; includeSubdomains]
      transfer-encoding: [chunked]
      vary: [Accept-Encoding]
      x-content-type-options: [nosniff]
      x-download-options: [noopen]
      x-frame-options: [sameorigin]
      x-permitted-cross-domain-policies: [none]
      x-powered-by: [Phusion Passenger 4.0.53]
      x-request-id: [8a44d363-aae8-4239-a81c-f6e23e12721b]
      x-runtime: ['0.046775']
      x-xss-protection: [1; mode=block]
    status: {code: 200, message: OK}
- request:
    body: null
    headers:
      Accept: [application/json;version=2]
      Content-Length: ['0']
      Cookie: [_session_id=68efa91daf9418e2ebe41bae8c0e8169]
    method: DELETE
    uri: https://foreman.example.com/api/hostgroups/3
  response:
    body: {string: !!python/unicode '{"id":3,"name":"Nested New host group 2","created_at":"2019-08-13T16:31:57.920Z","updated_at":"2019-08-13T16:31:57.920Z","environment_id":null,"operatingsystem_id":null,"architecture_id":1,"medium_id":10,"ptable_id":115,"root_pass":null,"puppet_ca_proxy_id":null,"use_image":null,"image_file":"","ancestry":"1","vm_defaults":null,"subnet_id":null,"domain_id":null,"puppet_proxy_id":null,"title":"New
        host group/Nested New host group 2","realm_id":null,"compute_profile_id":null,"content_source_id":null,"grub_pass":"","content_view_id":null,"lifecycle_environment_id":null,"lookup_value_matcher":"hostgroup=New
        host group/Nested New host group 2","kickstart_repository_id":null,"subnet6_id":null,"pxe_loader":"PXELinux
        BIOS","description":null,"compute_resource_id":null,"openscap_proxy_id":null}'}
    headers:
      apipie-checksum: [682fdd16afbeb660a8bfcecc651151a5671d1407]
      cache-control: ['max-age=0, private, must-revalidate']
      content-security-policy: ['default-src ''self''; child-src ''self''; connect-src
          ''self'' ws: wss:; img-src ''self'' data: *.gravatar.com; script-src ''unsafe-eval''
          ''unsafe-inline'' ''self''; style-src ''unsafe-inline'' ''self''']
      content-type: [application/json; charset=utf-8]
      date: ['Tue, 13 Aug 2019 16:32:00 GMT']
      etag: [W/"96e1cc96708ee2f5cf6be41566aa7ab0"]
      foreman_api_version: ['2']
      foreman_version: [1.22.0]
      server: [Apache]
      set-cookie: [request_method=DELETE; path=/; secure; HttpOnly; SameSite=Lax]
      status: [200 OK]
      strict-transport-security: [max-age=631139040; includeSubdomains]
      transfer-encoding: [chunked]
      vary: [Accept-Encoding]
      x-content-type-options: [nosniff]
      x-download-options: [noopen]
      x-frame-options: [sameorigin]
      x-permitted-cross-domain-policies: [none]
      x-powered-by: [Phusion Passenger 4.0.53]
      x-request-id: [2694c6f0-54b0-4415-93bb-162f5936d25a]
      x-runtime: ['0.070536']
      x-xss-protection: [1; mode=block]
    status: {code: 200, message: OK}
version: 1
