interactions:
- request:
    body: null
    headers:
      Accept:
      - application/json;version=2
      Accept-Encoding:
      - gzip, deflate
      Connection:
      - keep-alive
      User-Agent:
      - apypie (https://github.com/Apipie/apypie)
    method: GET
    uri: https://foreman.example.com/api/status
  response:
    body:
      string: '{"result":"ok","status":200,"version":"1.24.1","api_version":2}'
    headers:
      Cache-Control:
      - max-age=0, private, must-revalidate
      Connection:
      - Keep-Alive
      Content-Length:
      - '63'
      Content-Security-Policy:
      - 'default-src ''self''; child-src ''self''; connect-src ''self'' ws: wss:;
        img-src ''self'' data: *.gravatar.com; script-src ''unsafe-eval'' ''unsafe-inline''
        ''self''; style-src ''unsafe-inline'' ''self'''
      Content-Type:
      - application/json; charset=utf-8
      Date:
      - Tue, 04 Feb 2020 13:51:23 GMT
      ETag:
      - W/"46a2e9ebe3393470b5018da3cfc1e32a"
      Foreman_api_version:
      - '2'
      Foreman_current_location:
      - ; ANY
      Foreman_current_organization:
      - ; ANY
      Foreman_version:
      - 1.24.1
      Keep-Alive:
      - timeout=5, max=100
      Server:
      - Apache
      Set-Cookie:
      - _session_id=85b697559320b6070fc475207bca2f97; path=/; secure; HttpOnly; SameSite=Lax
      Status:
      - 200 OK
      Strict-Transport-Security:
      - max-age=631139040; includeSubdomains
      X-Content-Type-Options:
      - nosniff
      X-Download-Options:
      - noopen
      X-Frame-Options:
      - sameorigin
      X-Permitted-Cross-Domain-Policies:
      - none
      X-Powered-By:
      - Phusion Passenger 4.0.53
      X-Request-Id:
      - 518a10a7-d900-44be-8ab5-ee0fc57d4d6b
      X-Runtime:
      - '0.127441'
      X-XSS-Protection:
      - 1; mode=block
    status:
      code: 200
      message: OK
- request:
    body: null
    headers:
      Accept:
      - application/json;version=2
      Accept-Encoding:
      - gzip, deflate
      Connection:
      - keep-alive
      Cookie:
      - _session_id=85b697559320b6070fc475207bca2f97
      User-Agent:
      - apypie (https://github.com/Apipie/apypie)
    method: GET
    uri: https://foreman.example.com/api/smart_class_parameters?search=puppetclass_name%3Dntp+and+parameter%3Dlogfile&per_page=4294967296
  response:
    body:
      string: "{\n  \"total\": 976,\n  \"subtotal\": 1,\n  \"page\": 1,\n  \"per_page\":
        4294967296,\n  \"search\": \"puppetclass_name=ntp and parameter=logfile\",\n
        \ \"sort\": {\n    \"by\": null,\n    \"order\": null\n  },\n  \"results\":
        [{\"description\":\"ntp log file\",\"override\":true,\"parameter_type\":\"\",\"hidden_value?\":false,\"omit\":false,\"required\":false,\"validator_type\":null,\"validator_rule\":null,\"merge_overrides\":false,\"merge_default\":false,\"avoid_duplicates\":false,\"override_value_order\":\"fqdn\\nhostgroup\\nos\\ndomain\",\"created_at\":\"2020-01-14
        13:40:23 UTC\",\"updated_at\":\"2020-02-04 13:51:22 UTC\",\"use_puppet_default\":false,\"parameter\":\"logfile\",\"id\":24,\"puppetclass_id\":5,\"override_values_count\":0,\"default_value\":\"\",\"puppetclass_name\":\"ntp\"}]\n}\n"
    headers:
      Cache-Control:
      - max-age=0, private, must-revalidate
      Connection:
      - Keep-Alive
      Content-Security-Policy:
      - 'default-src ''self''; child-src ''self''; connect-src ''self'' ws: wss:;
        img-src ''self'' data: *.gravatar.com; script-src ''unsafe-eval'' ''unsafe-inline''
        ''self''; style-src ''unsafe-inline'' ''self'''
      Content-Type:
      - application/json; charset=utf-8
      Date:
      - Tue, 04 Feb 2020 13:51:24 GMT
      ETag:
      - W/"87ee087a9b9e8fd119d73f264d96899d-gzip"
      Foreman_api_version:
      - '2'
      Foreman_current_location:
      - ; ANY
      Foreman_current_organization:
      - ; ANY
      Foreman_version:
      - 1.24.1
      Keep-Alive:
      - timeout=5, max=99
      Server:
      - Apache
      Status:
      - 200 OK
      Strict-Transport-Security:
      - max-age=631139040; includeSubdomains
      Vary:
      - Accept-Encoding
      X-Content-Type-Options:
      - nosniff
      X-Download-Options:
      - noopen
      X-Frame-Options:
      - sameorigin
      X-Permitted-Cross-Domain-Policies:
      - none
      X-Powered-By:
      - Phusion Passenger 4.0.53
      X-Request-Id:
      - c007b37f-ff8c-453a-8f04-cc63ca64a049
      X-Runtime:
      - '0.034944'
      X-XSS-Protection:
      - 1; mode=block
      content-length:
      - '711'
    status:
      code: 200
      message: OK
- request:
    body: null
    headers:
      Accept:
      - application/json;version=2
      Accept-Encoding:
      - gzip, deflate
      Connection:
      - keep-alive
      Cookie:
      - _session_id=85b697559320b6070fc475207bca2f97
      User-Agent:
      - apypie (https://github.com/Apipie/apypie)
    method: GET
    uri: https://foreman.example.com/api/smart_class_parameters/24
  response:
    body:
      string: '{"description":"ntp log file","override":true,"parameter_type":"","hidden_value?":false,"omit":false,"required":false,"validator_type":null,"validator_rule":null,"merge_overrides":false,"merge_default":false,"avoid_duplicates":false,"override_value_order":"fqdn\nhostgroup\nos\ndomain","created_at":"2020-01-14
        13:40:23 UTC","updated_at":"2020-02-04 13:51:22 UTC","use_puppet_default":false,"parameter":"logfile","id":24,"puppetclass_id":5,"override_values_count":0,"default_value":"","puppetclass_name":"ntp","environments":[{"id":1,"name":"production"}],"puppetclass":{"id":5,"name":"ntp","module_name":"ntp"},"override_values":[]}'
    headers:
      Cache-Control:
      - max-age=0, private, must-revalidate
      Connection:
      - Keep-Alive
      Content-Security-Policy:
      - 'default-src ''self''; child-src ''self''; connect-src ''self'' ws: wss:;
        img-src ''self'' data: *.gravatar.com; script-src ''unsafe-eval'' ''unsafe-inline''
        ''self''; style-src ''unsafe-inline'' ''self'''
      Content-Type:
      - application/json; charset=utf-8
      Date:
      - Tue, 04 Feb 2020 13:51:24 GMT
      ETag:
      - W/"4ff2e8721d2e417c4200cd260bcb4e04-gzip"
      Foreman_api_version:
      - '2'
      Foreman_current_location:
      - ; ANY
      Foreman_current_organization:
      - ; ANY
      Foreman_version:
      - 1.24.1
      Keep-Alive:
      - timeout=5, max=98
      Server:
      - Apache
      Status:
      - 200 OK
      Strict-Transport-Security:
      - max-age=631139040; includeSubdomains
      Vary:
      - Accept-Encoding
      X-Content-Type-Options:
      - nosniff
      X-Download-Options:
      - noopen
      X-Frame-Options:
      - sameorigin
      X-Permitted-Cross-Domain-Policies:
      - none
      X-Powered-By:
      - Phusion Passenger 4.0.53
      X-Request-Id:
      - 29822bb5-dc21-4bfd-97e4-11898b9515f1
      X-Runtime:
      - '0.025784'
      X-XSS-Protection:
      - 1; mode=block
      content-length:
      - '633'
    status:
      code: 200
      message: OK
- request:
    body: '{"smart_class_parameter": {"hidden_value": true}}'
    headers:
      Accept:
      - application/json;version=2
      Accept-Encoding:
      - gzip, deflate
      Connection:
      - keep-alive
      Content-Length:
      - '49'
      Content-Type:
      - application/json
      Cookie:
      - _session_id=85b697559320b6070fc475207bca2f97
      User-Agent:
      - apypie (https://github.com/Apipie/apypie)
    method: PUT
    uri: https://foreman.example.com/api/smart_class_parameters/24
  response:
    body:
      string: '{"description":"ntp log file","override":true,"parameter_type":"","hidden_value?":true,"omit":false,"required":false,"validator_type":null,"validator_rule":null,"merge_overrides":false,"merge_default":false,"avoid_duplicates":false,"override_value_order":"fqdn\nhostgroup\nos\ndomain","created_at":"2020-01-14
        13:40:23 UTC","updated_at":"2020-02-04 13:51:24 UTC","use_puppet_default":false,"parameter":"logfile","id":24,"puppetclass_id":5,"override_values_count":0,"default_value":"*****","puppetclass_name":"ntp","environments":[{"id":1,"name":"production"}],"puppetclass":{"id":5,"name":"ntp","module_name":"ntp"},"override_values":[]}'
    headers:
      Cache-Control:
      - max-age=0, private, must-revalidate
      Connection:
      - Keep-Alive
      Content-Security-Policy:
      - 'default-src ''self''; child-src ''self''; connect-src ''self'' ws: wss:;
        img-src ''self'' data: *.gravatar.com; script-src ''unsafe-eval'' ''unsafe-inline''
        ''self''; style-src ''unsafe-inline'' ''self'''
      Content-Type:
      - application/json; charset=utf-8
      Date:
      - Tue, 04 Feb 2020 13:51:24 GMT
      ETag:
      - W/"c46fff8d4501b2c2096b865b32f649f4-gzip"
      Foreman_api_version:
      - '2'
      Foreman_current_location:
      - ; ANY
      Foreman_current_organization:
      - ; ANY
      Foreman_version:
      - 1.24.1
      Keep-Alive:
      - timeout=5, max=97
      Server:
      - Apache
      Set-Cookie:
      - request_method=PUT; path=/; secure; HttpOnly; SameSite=Lax
      Status:
      - 200 OK
      Strict-Transport-Security:
      - max-age=631139040; includeSubdomains
      Vary:
      - Accept-Encoding
      X-Content-Type-Options:
      - nosniff
      X-Download-Options:
      - noopen
      X-Frame-Options:
      - sameorigin
      X-Permitted-Cross-Domain-Policies:
      - none
      X-Powered-By:
      - Phusion Passenger 4.0.53
      X-Request-Id:
      - f982de27-23c4-4eac-85d2-3d30101897b8
      X-Runtime:
      - '0.061674'
      X-XSS-Protection:
      - 1; mode=block
      content-length:
      - '637'
    status:
      code: 200
      message: OK
version: 1
