interactions:
- request:
    body: null
    headers:
      Accept: [application/json;version=2]
    method: GET
    uri: https://foreman.example.com/api/status
  response:
    body: {string: !!python/unicode '{"result":"ok","status":200,"version":"1.22.1","api_version":2}'}
    headers:
      apipie-checksum: [682fdd16afbeb660a8bfcecc651151a5671d1407]
      cache-control: ['max-age=0, private, must-revalidate']
      content-length: ['63']
      content-security-policy: ['default-src ''self''; child-src ''self''; connect-src
          ''self'' ws: wss:; img-src ''self'' data: *.gravatar.com; script-src ''unsafe-eval''
          ''unsafe-inline'' ''self''; style-src ''unsafe-inline'' ''self''']
      content-type: [application/json; charset=utf-8]
      date: ['Mon, 30 Sep 2019 08:20:51 GMT']
      etag: [W/"7462024e111aafa1fe0b7de16a6757f0"]
      foreman_api_version: ['2']
      foreman_version: [1.22.1]
      server: [Apache]
      set-cookie: [_session_id=13f59c9e01afabaf9ebadab4ee3b3620; path=/; secure; HttpOnly;
          SameSite=Lax]
      status: [200 OK]
      strict-transport-security: [max-age=631139040; includeSubdomains]
      x-content-type-options: [nosniff]
      x-download-options: [noopen]
      x-frame-options: [sameorigin]
      x-permitted-cross-domain-policies: [none]
      x-powered-by: [Phusion Passenger 4.0.53]
      x-request-id: [dc938967-c3c6-4272-8a7e-aa7e0a1e6a4c]
      x-runtime: ['0.026681']
      x-xss-protection: [1; mode=block]
    status: {code: 200, message: OK}
- request:
    body: null
    headers:
      Accept: [application/json;version=2]
      Cookie: [_session_id=13f59c9e01afabaf9ebadab4ee3b3620]
    method: GET
    uri: https://foreman.example.com/api/subnets?per_page=4294967296&search=name%3D%22Test+Subnet%22&thin=False
  response:
    body: {string: !!python/unicode "{\n  \"total\": 1,\n  \"subtotal\": 1,\n  \"page\":
        1,\n  \"per_page\": 4294967296,\n  \"search\": \"name=\\\"Test Subnet\\\"\",\n
        \ \"sort\": {\n    \"by\": null,\n    \"order\": null\n  },\n  \"results\":
        [{\"network\":\"192.168.200.0\",\"network_type\":\"IPv4\",\"cidr\":27,\"mask\":\"255.255.255.224\",\"priority\":null,\"vlanid\":null,\"mtu\":1500,\"gateway\":null,\"dns_primary\":null,\"dns_secondary\":null,\"from\":null,\"to\":null,\"created_at\":\"2019-09-30
        08:20:51 UTC\",\"updated_at\":\"2019-09-30 08:20:51 UTC\",\"ipam\":\"DHCP\",\"boot_mode\":\"DHCP\",\"id\":21,\"name\":\"Test
        Subnet\",\"description\":null,\"network_address\":\"192.168.200.0/27\",\"dhcp_id\":null,\"dhcp_name\":null,\"tftp_id\":null,\"tftp_name\":null,\"httpboot_id\":null,\"httpboot_name\":null,\"dns_id\":null,\"template_id\":null,\"template_name\":null,\"dhcp\":null,\"tftp\":null,\"httpboot\":null,\"dns\":null,\"template\":null}]\n}\n"}
    headers:
      apipie-checksum: [682fdd16afbeb660a8bfcecc651151a5671d1407]
      cache-control: ['max-age=0, private, must-revalidate']
      content-security-policy: ['default-src ''self''; child-src ''self''; connect-src
          ''self'' ws: wss:; img-src ''self'' data: *.gravatar.com; script-src ''unsafe-eval''
          ''unsafe-inline'' ''self''; style-src ''unsafe-inline'' ''self''']
      content-type: [application/json; charset=utf-8]
      date: ['Mon, 30 Sep 2019 08:20:51 GMT']
      etag: [W/"ca2de3d662a0caef19f2c9760e4eeb76"]
      foreman_api_version: ['2']
      foreman_version: [1.22.1]
      server: [Apache]
      status: [200 OK]
      strict-transport-security: [max-age=631139040; includeSubdomains]
      transfer-encoding: [chunked]
      vary: [Accept-Encoding]
      x-content-type-options: [nosniff]
      x-download-options: [noopen]
      x-frame-options: [sameorigin]
      x-permitted-cross-domain-policies: [none]
      x-powered-by: [Phusion Passenger 4.0.53]
      x-request-id: [f928b5fd-f33a-403a-ae8a-1d93c3f3b361]
      x-runtime: ['0.019205']
      x-xss-protection: [1; mode=block]
    status: {code: 200, message: OK}
- request:
    body: null
    headers:
      Accept: [application/json;version=2]
      Cookie: [_session_id=13f59c9e01afabaf9ebadab4ee3b3620]
    method: GET
    uri: https://foreman.example.com/api/subnets/21
  response:
    body: {string: !!python/unicode '{"network":"192.168.200.0","network_type":"IPv4","cidr":27,"mask":"255.255.255.224","priority":null,"vlanid":null,"mtu":1500,"gateway":null,"dns_primary":null,"dns_secondary":null,"from":null,"to":null,"created_at":"2019-09-30
        08:20:51 UTC","updated_at":"2019-09-30 08:20:51 UTC","ipam":"DHCP","boot_mode":"DHCP","id":21,"name":"Test
        Subnet","description":null,"network_address":"192.168.200.0/27","dhcp_id":null,"dhcp_name":null,"tftp_id":null,"tftp_name":null,"httpboot_id":null,"httpboot_name":null,"dns_id":null,"template_id":null,"template_name":null,"dhcp":null,"tftp":null,"httpboot":null,"dns":null,"template":null,"domains":[],"interfaces":[],"parameters":[],"locations":[],"organizations":[]}'}
    headers:
      apipie-checksum: [682fdd16afbeb660a8bfcecc651151a5671d1407]
      cache-control: ['max-age=0, private, must-revalidate']
      content-security-policy: ['default-src ''self''; child-src ''self''; connect-src
          ''self'' ws: wss:; img-src ''self'' data: *.gravatar.com; script-src ''unsafe-eval''
          ''unsafe-inline'' ''self''; style-src ''unsafe-inline'' ''self''']
      content-type: [application/json; charset=utf-8]
      date: ['Mon, 30 Sep 2019 08:20:51 GMT']
      etag: [W/"99233b38c35c8cb4e2defb7bd6149bd9"]
      foreman_api_version: ['2']
      foreman_version: [1.22.1]
      server: [Apache]
      status: [200 OK]
      strict-transport-security: [max-age=631139040; includeSubdomains]
      transfer-encoding: [chunked]
      vary: [Accept-Encoding]
      x-content-type-options: [nosniff]
      x-download-options: [noopen]
      x-frame-options: [sameorigin]
      x-permitted-cross-domain-policies: [none]
      x-powered-by: [Phusion Passenger 4.0.53]
      x-request-id: [7da7fc3c-fecc-4c9b-9cf2-07664c8ba272]
      x-runtime: ['0.025790']
      x-xss-protection: [1; mode=block]
    status: {code: 200, message: OK}
version: 1
